reader: "LOG_ERROR 'The message <4711>'"
reader: "LOG_WARNING 'The message <4711>'"
reader: "LOG_INFO 'The message <4711>'"
reader: "LOG_DEBUG 'The message <4711>'"
reader: "LOG_ERROR 'The message <4711>' java.lang.RuntimeException"
reader: "LOG_WARNING 'The message <4711>' java.lang.RuntimeException"
reader: "LOG_INFO 'The message <4711>' java.lang.RuntimeException"
reader: "LOG_DEBUG 'The message <4711>' java.lang.RuntimeException"
reader: "LOG_ERROR 'The message <4711>'"
reader: "LOG_WARNING 'The message <4711>'"
reader: "LOG_INFO 'The message <4711>'"
reader: "LOG_DEBUG 'The message <4711>'"
reader: "LOG_ERROR 'The message <4711>' java.lang.RuntimeException"
reader: "LOG_WARNING 'The message <4711>' java.lang.RuntimeException"
reader: "LOG_INFO 'The message <4711>' java.lang.RuntimeException"
reader: "LOG_DEBUG 'The message <4711>' java.lang.RuntimeException"
R1: "LOG_INFO Hello1 <4711>"
R1: "LOG_INFO Hello5 <4711>"
R2: "LOG_INFO Hello3 <4711>"
R2: "LOG_INFO Hello5 <4711>"
R2: "LOG_INFO Hello6 <4711>"

