[begin=testImportUninstalledCode]
Installed a bundle importing uninstalled code: "State is INSTALLED."
Started a bundle importing uninstalled code: "Exception thrown, Ok."
[end=testImportUninstalledCode]

[begin="testExport"]
Testing export of a package: "Code was exported, Ok."
[end="testExport"]

[begin=testReinstall]
Testing reinstallation of same bundle: "They are the same, Ok."
[end=testReinstall]

[begin=testImportGone]
Testing removal of export package: "Installed and started exporting bundle."
Testing removal of export package: "Installed and started importing bundle."
Testing removal of export package: "Exporting state: ACTIVE. Importing state: ACTIVE."
Testing removal of export package: "Exporting bundle stopped."
[end=testImportGone]
