<method name="testImportUninstalledCode">
Installed a bundle importing uninstalled code: "State is INSTALLED."
Started a bundle importing uninstalled code: "Exception thrown, Ok."
</method>

<method name="testExport">
Testing export of a package: "Code was exported, Ok."
</method>

<method name="testReinstall">
Testing reinstallation of same bundle: "They are the same, Ok."
</method>

<method name="testImportGone">
Testing removal of export package: "Installed and started exporting bundle."
Testing removal of export package: "Installed and started importing bundle."
Testing removal of export package: "Exporting state: ACTIVE. Importing state: ACTIVE."
Testing removal of export package: "Exporting bundle stopped."
</method>
