#before each run
[begin=testConstants]
hidden: "hidden"
maxValue: "maxValue"
minValue: "minValue"
readOnly: "readOnly"
stepValue: "stepValue"
org.osgi.metatype.filter: "org.osgi.metatype.filter"
org.osgi.metatype.category: "org.osgi.metatype.category"
[end=testConstants]

[begin=testBasicCommands]
List of available categories
ControlUnit
List of available metatype for category = null
#List of available locales for category = null and metatype ID = null:  java.lang.NullPointerException
#List of available verion for category = null and metatype ID = null:  java.lang.NullPointerException
List of available metatype for category = ControlUnit
HipModule
List of locales for metatype ID = HipModule
fr_FR
List of version for metatype ID = HipModule
1.0.0
[end=testBasicCommands]

[begin=testExtendedOCD]
#Gets OCD with all parameters set to null:  java.lang.NullPointerException
#Gets OCD with category = ControlUnit and other parameters set to null:  java.lang.NullPointerException
#Gets OCD with category = ControlUnit, metatype ID = HipModule and other parameters set to null:  java.lang.NullPointerException
Gets OCD with category = ControlUnit, metatype ID = HipModule, ocd ID = messageDigestService, locale = null
OCDID=messageDigestService, Name=serviceName, Descr=serviceDescription
[end=testExtendedOCD]

[begin=testExtendedAD]
Retrieve list of attributes of ocd ID = messageDigestService
AttID=expireTime, Name=timeName, Descr=timeDescription, Type=2, Card=0
AttID=Att10, Name=att10, Descr=Att10Descr, Type=12, Card=0
AttID=Att9, Name=att9, Descr=Att9Descr, Type=11, Card=0
AttID=Att8, Name=att8, Descr=Att8Descr, Type=8, Card=0
AttID=Provider, Name=provider, Descr=prvDescription, Type=1, Card=0
AttID=Att7, Name=att7, Descr=Att7Descr, Type=7, Card=0
AttID=Att6, Name=att6, Descr=Att6Descr, Type=6, Card=0
AttID=Att5, Name=att5, Descr=Att5Descr, Type=5, Card=0
AttID=Att4, Name=att4, Descr=Att4Descr, Type=4, Card=0
AttID=Att3, Name=att3, Descr=Att3Descr, Type=3, Card=0
AttID=Att2, Name=att2, Descr=Att2Descr, Type=2, Card=0
AttID=Att1, Name=att1, Descr=Att1Descr, Type=1, Card=0
Retrieve only one attribute ID = Att10
AttID=Att10, Name=att10, Descr=Att10Descr, Type=12, Card=0
AttID=att10part1, Name=att10name1, Descr=att10Descr1, Type=4, Card=0
AttID=att10part2, Name=att10name2, Descr=att10Descr2, Type=2, Card=0
{stepValue=10, minValue=1, hidden=true, maxValue=100, newKey=valueNewKey, readOnly=true}
[end=testExtendedAD]

[begin=testAction]
Retrieve list of actions of ocd ID = messageDigestService
ActionID=callDigestOnInstance, Name=callDigestOnInstanceName, Descr=callDigestOnInstanceDescr, Type=6, Card=2147483647
with following input args:
AttID=generatedMessageDigest, Name=genDigestName, Descr=genDigestDescr, Type=6, Card=2147483647
ActionID=releaseInstance, Name=releaseInstance, Descr=releaseInstanceDescr, Type=13, Card=0
with following input args:
AttID=instanceIDArg, Name=null, Descr=null, Type=1, Card=0
ActionID=createInstance, Name=createInstance, Descr=createInstanceDescr, Type=1, Card=0
with following input args:
AttID=algorithm, Name=algorithmName, Descr=algorithmDescription, Type=1, Card=0
ActionID=checkDigestEquality, Name=checkDigestEqName, Descr=checkDigestEqDescr, Type=11, Card=0
with following input args:
AttID=bytesArg1, Name=bytesArgName1, Descr=bytesArgDescr1, Type=6, Card=2147483647
AttID=bytesArg2, Name=bytesArgName2, Descr=bytesArgDescr2, Type=6, Card=2147483647
ActionID=getExpireTime, Name=detExpireTimeName, Descr=getExpireTimeDescr, Type=2, Card=0
ActionID=setExpireTime, Name=setExpireTimeName, Descr=setExpireTimeDescr, Type=13, Card=0
with following input args:
AttID=expireTime, Name=null, Descr=null, Type=2, Card=0
ActionID=updateInstance, Name=updateInstanceName, Descr=updateInstanceDescr, Type=13, Card=0
with following input args:
AttID=instanceIDArg, Name=null, Descr=null, Type=1, Card=0
AttID=bytesArg, Name=bytesArgName3, Descr=bytesArgDescr3, Type=6, Card=2147483647
ActionID=resetInstance, Name=resetInstanceName, Descr=resetInstanceDescr, Type=13, Card=0
with following input args:
AttID=instanceIDArg, Name=null, Descr=null, Type=1, Card=0
Retrieve only one action ID = updateInstance
ActionID=updateInstance, Name=updateInstanceName, Descr=updateInstanceDescr, Type=13, Card=0
with following input args:
AttID=instanceIDArg, Name=null, Descr=null, Type=1, Card=0
AttID=bytesArg, Name=bytesArgName3, Descr=bytesArgDescr3, Type=6, Card=2147483647
[end=testAction]

[begin=testListeners]
<EventFilterListener> EventType=1, category=ControlUnit, Id=HipModule
<NoFilterListener> EventType=1, category=ControlUnit, Id=HipModule
<EventFilterListener> EventType=0, category=ControlUnit, Id=HipModule
<NoFilterListener> EventType=0, category=ControlUnit, Id=HipModule
[end=testListeners]

[begin=testLocalization]
Retrieve list of actions of ocd ID = messageDigestService
ActionID=updateInstance, Name=updateInstanceName, Descr=updateInstanceDescr, Type=13, Card=0
with following input args:
AttID=instanceIDArg, Name=null, Descr=null, Type=1, Card=0
AttID=bytesArg, Name=NomArgument3, Descr=DescrArgument3, Type=6, Card=2147483647
ActionID=setExpireTime, Name=setExpireTimeName, Descr=setExpireTimeDescr, Type=13, Card=0
with following input args:
AttID=expireTime, Name=null, Descr=null, Type=2, Card=0
ActionID=checkDigestEquality, Name=checkDigestEqName, Descr=checkDigestEqDescr, Type=11, Card=0
with following input args:
AttID=bytesArg1, Name=NomArgument1, Descr=DescriptionArgument1, Type=6, Card=2147483647
AttID=bytesArg2, Name=NomArgument2, Descr=DescriptionArgument2, Type=6, Card=2147483647
ActionID=callDigestOnInstance, Name=callDigestOnInstanceName, Descr=callDigestOnInstanceDescr, Type=6, Card=2147483647
with following input args:
AttID=generatedMessageDigest, Name=NomGenDigest, Descr=DescrGenDigest, Type=6, Card=2147483647
ActionID=resetInstance, Name=resetInstanceName, Descr=resetInstanceDescr, Type=13, Card=0
with following input args:
AttID=instanceIDArg, Name=null, Descr=null, Type=1, Card=0
ActionID=releaseInstance, Name=releaseInstance, Descr=releaseInstanceDescr, Type=13, Card=0
with following input args:
AttID=instanceIDArg, Name=null, Descr=null, Type=1, Card=0
ActionID=getExpireTime, Name=detExpireTimeName, Descr=getExpireTimeDescr, Type=2, Card=0
ActionID=createInstance, Name=createInstance, Descr=createInstanceDescr, Type=1, Card=0
with following input args:
AttID=algorithm, Name=NomAlgorithme, Descr=DescriptionAlgorithme, Type=1, Card=0
[end=testLocalization]

#after each run