Test bundle control started Ok.
Install Testbundle 1 and 2.
The specification version for TestPackage 1: 1.0.1 : '1.0.1'
Install Testbundle 3. Testbundle 3 exports the same package as Testbundle 1.
Testbundle 1 exports only TestPackage 1: true : 'true'
Testbundle 1 exports: org.osgi.test.cases.packageadmin.tc3.tb1 : 'org.osgi.test.cases.packageadmin.tc3.tb1'
What bundle is exporting TestPackage 1. Is it Testbundle 1: true : 'true'
What bundle is exporting TestPackage 1. Is it Testbundle 3: false : 'false'
What bundles is importing TestPackage 1. Is it Testbundle 1: true : 'true'
What bundles is importing TestPackage 1. Is it Testbundle 2: true : 'true'
What bundles is importing TestPackage 1. Is it Testbundle 3: true : 'true'
Uninstall Testbundle 1.
What bundle is exporting TestPackage 1. Is it Testbundle 1: true : 'true'
Refresh all packages.
What bundle is exporting TestPackage 1. Is it Testbundle 1: false : 'false'
What bundle is exporting TestPackage 1. Is it Testbundle 3: true : 'true'
The specification version for TestPackage 1: 1.0.2 : '1.0.2'
What is TestPackage 1's name: org.osgi.test.cases.packageadmin.tc3.tb1 : 'org.osgi.test.cases.packageadmin.tc3.tb1'
Refresh all packages.
PackageAdmin TestCase 3 is completed.
