TC1 Registration of simple servlet
Simple servlet registered
Receiving from servlet
<html><head><title>OSGi - HTTP Service test case</title></head><body><h1>1 Registration of simple servlet</h1></body></html>
Simple Servlet unregistered

TC2 Unregistration of simple servlet
Simple servlet registered
Receiving from servlet
<html><head><title>OSGi - HTTP Service test case</title></head><body><h1>2 Unregistration of simple servlet</h1></body></html>
Simple Servlet unregistered
Check if Simple servlet available after having been unregistered
Simple servlet not available

TC3 Registration of two overlapping servlets
Servlet resource /aa registered
Servlet resource /aa/bb registered
Receiving from servlet resource /aa/bb
<html><head><title>OSGi - HTTP Service test case</title></head><body><h1>3 Registration of two overlapping servlets</h1><p>Servlet aabb</p></body></html>
Receiving from servlet resource /aa
<html><head><title>OSGi - HTTP Service test case</title></head><body><h1>3 Registration of two overlapping servlets</h1><p>Servlet aa</p></body></html>
Servlet resource /aa unregistered
Servlet resource /aa/bb unregistered

TC4 Unregistration of overlapping servlet
Servlet resource /aa registered
Servlet resource /aa/bb registered
Receiving from servlet resource /aa/bb
<html><head><title>OSGi - HTTP Service test case</title></head><body><h1>4 Unregistration of overlapping servlet</h1><p>Servlet aabb</p></body></html>
Receiving from servlet resource /aa
<html><head><title>OSGi - HTTP Service test case</title></head><body><h1>4 Unregistration of overlapping servlet</h1><p>Servlet aa</p></body></html>
Servlet resource /aa/bb unregistered
Receiving from servlet resource /aa/bb
<html><head><title>OSGi - HTTP Service test case</title></head><body><h1>4 Unregistration of overlapping servlet</h1><p>Servlet aa</p></body></html>
Receiving from servlet resource /aa
<html><head><title>OSGi - HTTP Service test case</title></head><body><h1>4 Unregistration of overlapping servlet</h1><p>Servlet aa</p></body></html>
Servlet resource /aa unregistered

TC5 Stopping of source bundle

Check if tc5servlet available before bundle installed (no)
/tc5servlet not available
Check if tc5servlet available after bundle installed (no)
/tc5servlet not available
Check if tc5servlet available after bundle started (yes)
--- start file: /tc5servlet
<html><head><title>OSGi - HTTP Service test case</title></head><body><h1>5 Uninstallation of source bundle</h1></body></html>
--- end file: /tc5servlet
Check if tc5servlet available after bundle stopped (no)
/tc5servlet not available
Check if tc5servlet available after bundle started again (yes)
--- start file: /tc5servlet
<html><head><title>OSGi - HTTP Service test case</title></head><body><h1>5 Uninstallation of source bundle</h1></body></html>
--- end file: /tc5servlet
Check if tc5servlet available after bundle uninstalled without stop (no)
/tc5servlet not available

TC6 Registering servlet with long name
Servlet resource with long name registered
Receiving from servlet
<html><head><title>OSGi - HTTP Service test case</title></head><body><h1>6 Registering servlet with long name</h1></body></html>
Servlet resource with long name unregistered

TC7 Attempt to register null servlet
NullPointerException for null servlet

TC8 Registering servlets with case sensitive names
Servlet resource /aa registered
Servlet resource /AA registered
Receiving from servlet resource /aa
<html><head><title>OSGi - HTTP Service test case</title></head><body><h1>8 Case sensitivity</h1><p>Lowercase Servlet</p></body></html>
Receiving from servlet resource /AA
<html><head><title>OSGi - HTTP Service test case</title></head><body><h1>8 Case sensitivity</h1><p>Uppercase Servlet</p></body></html>
Servlet resource /aa unregistered
Servlet resource /AA unregistered

TC9 Registering javax.servlet.Servlet
Generic servlet registered
Receiving resource
<html><head><title>OSGi - HTTP Service test case</title></head><body><h1>9 javax.servlet.Servlet registration</h1></body></html>
Generic Servlet unregistered

TC10 Registering resources
Resource registered
Receiving HTML resource
<html><head><title>TestCaseServlet TC10</title></head><body><h1>OSGi - HTTP Service test case TC10 - Register resources</h1></body></html>
Receiving GIF resource
GIF matches
Resource unregistered

TC11 Multiple registering of one resource
Resource registered once
Receiving HTML resource
<html><head><title>TestCaseServlet TC11</title></head><body><h1>OSGi - HTTP Service test case TC11 - Multiple registrations</h1></body></html>
Resource already registered
Resource unregistered

TC12 Multiple unregistering of one resource
Resource registered
Receiving HTML resource
<html><head><title>TestCaseServlet TC12</title></head><body><h1>OSGi - HTTP Service test case TC12 - Multiple unregistrations</h1></body></html>
Resource unregistered once
Resource already unregistered

TC13 Registering resource with name ending with slash
Resource could not be registerd due to ending slash

TC14 Registering resource with root alias slash
Resource registered with root alias slash
Resource unregistered

TC15 Registration of servlet using default HTTP context
Servlet registered with default HTTP context
Receiving from servlet
<html><head><title>OSGi - HTTP Service test case</title></head><body><h1>15 Registration of servlet using default HTTP context</h1></body></html>
Servlet unregistered

TC16 Registering resources using default HTTP context
Resource registered
Receiving HTML resource
<html><head><title>TestCaseServlet TC16</title></head><body><h1>OSGi - HTTP Service test case TC16 - Default HTTP context</h1></body></html>
Resource unregistered

TC17 Attempt to register servlet with multiple aliases
Servlet registered with path tc17a
Attempted to register servlet with multiple aliases
Servlet resource /tc17a unregistered

TC50 Register servlet with empty doGet() method
Servlet resource with empty doGet registered
Receiving from servlet
Servlet resource with empty doGet unregistered

TC51 Verification of statements under handleSecurity()
Security Servlet registered
Receiving from servlet
Handle Security Called
<html><head><title>OSGi - HTTP Service test case</title></head><body><h1>51 Verification of statements under handleSecurity()</h1></body></html>
Security Servlet unregistered
Security Servlet reregistered
Access denied
Security Servlet unregistered

#This is not standardized behavior
#TC52 Servlet throws exception in doGet()
#Servlet resource throwing exception registered
#Receiving from servlet
#<html><head><title>OSGi - HTTP Service test case</title></head><body><h1>52 Servlet throws exception in doGet()</h1>
#Servlet resource throwing exception unregistered

TC53 Servlet returns 4 MB file
Servlet resource returning large output registered
Receiving from servlet
bufsize = 4194304
Servlet resource returning large output unregistered

TC56 Access of servlet with long parameter values
Servlet accessed with long parameter registered
Receiving from servlet
<html><head><title>OSGi - HTTP Service test case</title></head><body><h1>56 Access of servlet with long parameter values</h1><p>Parameter: param1 Value: value1</p><p>Parameter: param2 Value: abcdefghijklmnopqrstuvwxyzabcdefghijklmnopqrstuvwxyzabcdefghijklmnopqrstuvwxyzabcdefghijklmnopqrstuvwxyzabcdefghijklmnopqrstuvwxyzabcdefghijklmnopqrstuvwxyzabcdefghijklmnopqrstuvwxyzabcdefghijklmnopqrstuvwxyzabcdefghijklmnopqrstuvwxyzabcdefghijklmnopqrstuvwxyz</p></body></html>
Servlet accessed with long parameter unregistered

TC57 Access URL with special parameter values
Servlet accessed with special parameter values registered
Receiving from servlet
<html><head><title>OSGi - HTTP Service test case</title></head><body><h1>57 Access URL with special parameter values</h1><p>Parameter: param1 Value: &</p><p>Parameter: param2 Value: &&</p><p>Parameter: param3 Value: %</p><p>Parameter: param4 Value:  </p><p>Parameter: param5 Value: ?</p></body></html>
Servlet accessed with special parameter values unregistered

TC58a Access URL using getParameter with different values for the same parameter
Servlet accessed with different values for the same parameter registered
Receiving from servlet
<html><head><title>OSGi - HTTP Service test case</title></head><body><h1>58a Access URL using getParameter with different values for the same parameter</h1><p>Parameter: param1 Value: value1, value2</p></body></html>
Servlet accessed with different values for the same parameter unregistered

TC58b Access URL using getParameterValues with different values for the same parameter
Servlet accessed with different values for the same parameter registered
Receiving from servlet
<html><head><title>OSGi - HTTP Service test case</title></head><body><h1>58b Access URL using getParameterValues with different values for the same parameter</h1><p>Parameter: param1 Value: value1,value2</p></body></html>
Servlet accessed with different values for the same parameter unregistered

TC59 Verify most common MIME types
Servlet TC59Servlet registered
ContentType = text/plain
Receiving text/plain from servlet
OSGi - HTTP Service test case59 Verify most common MIME types
ContentType = text/html
Receiving text/html from servlet
<html><head><title>OSGi - HTTP Service test case</title></head><body><h1>59 Verify most common MIME types</h1></body></html>
ContentType = image/jpeg
Servlet TC59Servlet unregistered

TC60 Verify resource name construction
Servlet TC60Servlet registered
Receiving from servlet
<html><head><title>OSGi - HTTP Service test case</title></head><body><h1>60 Verify resource name construction</h1><p>RequestURI = /dir1/dir2/tc60servlet</p></body></html>
Servlet TC60Servlet unregistered

TC61 Verification of authentication under handleSecurity()
Servlet registered
Receiving from servlet
Handle Security Called
<html><head><title>OSGi - HTTP Service test case</title></head><body><h1>61 Verification of authentication under handleSecurity()</h1><p>Remote User is unknown user, Authentication Type is Basic</p></body></html>
Servlet unregistered

TC62 Verification of servlet context sharing
Servlet1 registered
Servlet2 registered
Servlet3 registered
Receiving from servlet1
<html><head><title>OSGi - HTTP Service test case</title></head><body><h1>62 Verification of ServletContext sharing</h1><p>Writing parameter: param1 with value: val1</p></body></html>
Receiving from servlet2
<html><head><title>OSGi - HTTP Service test case</title></head><body><h1>62 Verification of ServletContext sharing</h1><p>Parameter param1 has value: val1</p></body></html>
Receiving from servlet3
<html><head><title>OSGi - HTTP Service test case</title></head><body><h1>62 Verification of ServletContext sharing</h1><p>Parameter param1 has value: null</p></body></html>
Servlet1 unregistered
Servlet2 unregistered
Servlet3 unregistered
