[begin=testInitialBundleStartLevel]
tb2: started
tb2: stopped
[end=testInitialBundleStartLevel]

[begin=testStartOrder]
tb1: started
tb2: started
tb2: stopped
tb1: stopped
tb2: started
tb1: started
tb1: stopped
tb2: stopped
[end=testStartOrder]

[begin=testSetStartLevel]
tb1: started
tb1: stopped
[end=testSetStartLevel]

[begin=testSetBundleStartLevel]
tb1: started
tb1: stopped
tb1: started
tb1: stopped
[end=testSetBundleStartLevel]

[begin=testPersistentlyStarted]
tb1: started
tb1: stopped
tb1: started
tb1: stopped
[end=testPersistentlyStarted]

[begin=testEvents]
got framework event 8
got framework event 8
[end=testEvents]

[begin=testSystemBundle]
[end=testSystemBundle]

[begin=testExceptionInActivator]
got framework event 2: org.osgi.framework.BundleException
got framework event 2: org.osgi.framework.BundleException
[end=testExceptionInActivator]

[begin=testActivator]
tb3: started
tb3: stopped
tb4: started
tb4: stopped
[end=testActivator]
